systems.c:49:5: remark: loop not vectorized: could not determine number of loop iterations [-Rpass-analysis=loop-vectorize]
    while ((code & 0xffffff00) != 0x100)
    ^
systems.c:49:5: remark: loop not vectorized [-Rpass-missed=loop-vectorize]
systems.c:115:7: remark: loop not vectorized: value that could not be identified as reduction is used outside the loop [-Rpass-analysis=loop-vectorize]
      while (l<2048)
      ^
systems.c:115:7: remark: loop not vectorized [-Rpass-missed=loop-vectorize]
systems.c:75:9: remark: loop not vectorized: could not determine number of loop iterations [-Rpass-analysis=loop-vectorize]
        while((code=Get_Byte())== 0xFF);
        ^
systems.c:75:9: remark: loop not vectorized [-Rpass-missed=loop-vectorize]
systems.c:157:11: remark: loop not vectorized: loop control flow is not understood by vectorizer [-Rpass-analysis=loop-vectorize]
      if (ld->Rdptr >= ld->Rdmax)
          ^
systems.c:157:11: remark: loop not vectorized [-Rpass-missed=loop-vectorize]
systems.c:168:9: remark: loop not vectorized: control flow cannot be substituted for a select [-Rpass-analysis=loop-vectorize]
        Fill_Buffer();
        ^
systems.c:165:5: remark: loop not vectorized [-Rpass-missed=loop-vectorize]
    while (Incnt <= 24)
    ^
