predict.c:583:3: remark: loop not vectorized: value that could not be identified as reduction is used outside the loop [-Rpass-analysis=loop-vectorize]
  for (j=0; j<h; j++)
  ^
predict.c:583:3: remark: loop not vectorized [-Rpass-missed=loop-vectorize]
predict.c:573:3: remark: loop not vectorized: value that could not be identified as reduction is used outside the loop [-Rpass-analysis=loop-vectorize]
  for (j=0; j<h; j++)
  ^
predict.c:573:3: remark: loop not vectorized [-Rpass-missed=loop-vectorize]
predict.c:421:9: remark: the cost-model indicates that interleaving is not beneficial [-Rpass-analysis=loop-vectorize]
        for (i=0; i<w; i++)
        ^
predict.c:421:9: remark: vectorized loop (vectorization width: 16, interleaved count: 1) [-Rpass=loop-vectorize]
predict.c:429:9: remark: vectorized loop (vectorization width: 16, interleaved count: 2) [-Rpass=loop-vectorize]
        for (i=0; i<w; i++)
        ^
predict.c:438:9: remark: the cost-model indicates that interleaving is not beneficial [-Rpass-analysis=loop-vectorize]
        for (i=0; i<w; i++)
        ^
predict.c:438:9: remark: vectorized loop (vectorization width: 16, interleaved count: 1) [-Rpass=loop-vectorize]
predict.c:446:9: remark: the cost-model indicates that interleaving is not beneficial [-Rpass-analysis=loop-vectorize]
        for (i=0; i<w; i++)
        ^
predict.c:446:9: remark: vectorized loop (vectorization width: 16, interleaved count: 1) [-Rpass=loop-vectorize]
predict.c:472:9: remark: the cost-model indicates that interleaving is not beneficial [-Rpass-analysis=loop-vectorize]
        for (i=0; i<w; i++)
        ^
predict.c:472:9: remark: vectorized loop (vectorization width: 16, interleaved count: 1) [-Rpass=loop-vectorize]
predict.c:480:9: remark: the cost-model indicates that interleaving is not beneficial [-Rpass-analysis=loop-vectorize]
        for (i=0; i<w; i++)
        ^
predict.c:480:9: remark: vectorized loop (vectorization width: 16, interleaved count: 1) [-Rpass=loop-vectorize]
predict.c:455:9: remark: the cost-model indicates that interleaving is not beneficial [-Rpass-analysis=loop-vectorize]
        for (i=0; i<w; i++)
        ^
predict.c:455:9: remark: vectorized loop (vectorization width: 16, interleaved count: 1) [-Rpass=loop-vectorize]
predict.c:463:9: remark: the cost-model indicates that interleaving is not beneficial [-Rpass-analysis=loop-vectorize]
        for (i=0; i<w; i++)
        ^
predict.c:463:9: remark: vectorized loop (vectorization width: 16, interleaved count: 1) [-Rpass=loop-vectorize]
