mpeg2enc.c:159:18: warning: format string is not a string literal (potentially insecure) [-Wformat-security]
  fprintf(stderr,text);
                 ^~~~
mpeg2enc.c:159:18: note: treat the string as an argument to avoid this
  fprintf(stderr,text);
                 ^
                 "%s", 
mpeg2enc.c:266:5: remark: loop not vectorized: control flow cannot be substituted for a select [-Rpass-analysis=loop-vectorize]
    }
    ^
mpeg2enc.c:253:3: remark: loop not vectorized [-Rpass-missed=loop-vectorize]
  for (i=0; i<M; i++)
  ^
mpeg2enc.c:324:7: remark: loop not vectorized: loop control flow is not understood by vectorizer [-Rpass-analysis=loop-vectorize]
      for (i=0; i<M; i++)
      ^
mpeg2enc.c:324:7: remark: loop not vectorized [-Rpass-missed=loop-vectorize]
mpeg2enc.c:465:11: remark: loop not vectorized: control flow cannot be substituted for a select [-Rpass-analysis=loop-vectorize]
      if (!quiet)
          ^
mpeg2enc.c:461:3: remark: loop not vectorized [-Rpass-missed=loop-vectorize]
  for (i=0; i<M; i++)
  ^
mpeg2enc.c:527:5: remark: loop not vectorized: loop control flow is not understood by vectorizer [-Rpass-analysis=loop-vectorize]
    for (i=0; i<64; i++)
    ^
mpeg2enc.c:527:5: remark: loop not vectorized [-Rpass-missed=loop-vectorize]
mpeg2enc.c:555:5: remark: loop not vectorized: loop control flow is not understood by vectorizer [-Rpass-analysis=loop-vectorize]
    for (i=0; i<64; i++)
    ^
mpeg2enc.c:555:5: remark: loop not vectorized [-Rpass-missed=loop-vectorize]
mpeg2enc.c:112:3: remark: loop not vectorized: cannot identify array bounds [-Rpass-analysis=loop-vectorize]
  for (i=-384; i<640; i++)
  ^
mpeg2enc.c:112:3: remark: loop not vectorized [-Rpass-missed=loop-vectorize]
1 warning generated.
