jccolor.c:294:5: remark: loop not vectorized: value that could not be identified as reduction is used outside the loop [-Rpass-analysis=loop-vectorize]
    for (col = 0; col < num_cols; col++) {
    ^
jccolor.c:294:5: remark: loop not vectorized [-Rpass-missed=loop-vectorize]
jccolor.c:97:3: remark: the cost-model indicates that vectorization is not beneficial [-Rpass-analysis=loop-vectorize]
  for (i = 0; i <= MAXJSAMPLE; i++) {
  ^
jccolor.c:97:3: remark: the cost-model indicates that interleaving is not beneficial [-Rpass-analysis=loop-vectorize]
jccolor.c:202:5: remark: loop not vectorized: cannot identify array bounds [-Rpass-analysis=loop-vectorize]
    for (col = 0; col < num_cols; col++) {
    ^
jccolor.c:202:5: remark: loop not vectorized [-Rpass-missed=loop-vectorize]
jccolor.c:325:7: remark: loop not vectorized: value that could not be identified as reduction is used outside the loop [-Rpass-analysis=loop-vectorize]
      for (col = 0; col < num_cols; col++) {
      ^
jccolor.c:325:7: remark: loop not vectorized [-Rpass-missed=loop-vectorize]
jccolor.c:148:5: remark: loop not vectorized: cannot identify array bounds [-Rpass-analysis=loop-vectorize]
    for (col = 0; col < num_cols; col++) {
    ^
jccolor.c:148:5: remark: loop not vectorized [-Rpass-missed=loop-vectorize]
jccolor.c:244:5: remark: loop not vectorized: cannot identify array bounds [-Rpass-analysis=loop-vectorize]
    for (col = 0; col < num_cols; col++) {
    ^
jccolor.c:244:5: remark: loop not vectorized [-Rpass-missed=loop-vectorize]
