jcparam.c:48:3: remark: the cost-model indicates that vectorization is not beneficial [-Rpass-analysis=loop-vectorize]
  for (i = 0; i < DCTSIZE2; i++) {
  ^
jcparam.c:48:3: remark: the cost-model indicates that interleaving is not beneficial [-Rpass-analysis=loop-vectorize]
jcparam.c:48:3: remark: the cost-model indicates that vectorization is not beneficial [-Rpass-analysis=loop-vectorize]
jcparam.c:48:3: remark: the cost-model indicates that interleaving is not beneficial [-Rpass-analysis=loop-vectorize]
jcparam.c:48:3: remark: the cost-model indicates that vectorization is not beneficial [-Rpass-analysis=loop-vectorize]
jcparam.c:48:3: remark: the cost-model indicates that interleaving is not beneficial [-Rpass-analysis=loop-vectorize]
jcparam.c:48:3: remark: the cost-model indicates that vectorization is not beneficial [-Rpass-analysis=loop-vectorize]
jcparam.c:48:3: remark: the cost-model indicates that interleaving is not beneficial [-Rpass-analysis=loop-vectorize]
jcparam.c:48:3: remark: the cost-model indicates that vectorization is not beneficial [-Rpass-analysis=loop-vectorize]
jcparam.c:48:3: remark: the cost-model indicates that interleaving is not beneficial [-Rpass-analysis=loop-vectorize]
jcparam.c:48:3: remark: the cost-model indicates that vectorization is not beneficial [-Rpass-analysis=loop-vectorize]
jcparam.c:48:3: remark: the cost-model indicates that interleaving is not beneficial [-Rpass-analysis=loop-vectorize]
jcparam.c:462:5: remark: the cost-model indicates that vectorization is not beneficial [-Rpass-analysis=loop-vectorize]
    for (ci = 0; ci < cinfo->num_components; ci++) {
    ^
jcparam.c:462:5: remark: the cost-model indicates that interleaving is not beneficial [-Rpass-analysis=loop-vectorize]
jcparam.c:462:5: remark: the cost-model indicates that vectorization is not beneficial [-Rpass-analysis=loop-vectorize]
jcparam.c:462:5: remark: the cost-model indicates that interleaving is not beneficial [-Rpass-analysis=loop-vectorize]
jcparam.c:496:3: remark: the cost-model indicates that vectorization is not beneficial [-Rpass-analysis=loop-vectorize]
  for (ci = 0; ci < ncomps; ci++) {
  ^
jcparam.c:496:3: remark: the cost-model indicates that interleaving is not beneficial [-Rpass-analysis=loop-vectorize]
jcparam.c:517:5: remark: vectorized loop (vectorization width: 4, interleaved count: 2) [-Rpass=loop-vectorize]
    for (ci = 0; ci < ncomps; ci++)
    ^
jcparam.c:496:3: remark: the cost-model indicates that vectorization is not beneficial [-Rpass-analysis=loop-vectorize]
  for (ci = 0; ci < ncomps; ci++) {
  ^
jcparam.c:496:3: remark: the cost-model indicates that interleaving is not beneficial [-Rpass-analysis=loop-vectorize]
jcparam.c:496:3: remark: the cost-model indicates that vectorization is not beneficial [-Rpass-analysis=loop-vectorize]
jcparam.c:496:3: remark: the cost-model indicates that interleaving is not beneficial [-Rpass-analysis=loop-vectorize]
jcparam.c:496:3: remark: the cost-model indicates that vectorization is not beneficial [-Rpass-analysis=loop-vectorize]
jcparam.c:496:3: remark: the cost-model indicates that interleaving is not beneficial [-Rpass-analysis=loop-vectorize]
jcparam.c:496:3: remark: the cost-model indicates that vectorization is not beneficial [-Rpass-analysis=loop-vectorize]
jcparam.c:496:3: remark: the cost-model indicates that interleaving is not beneficial [-Rpass-analysis=loop-vectorize]
jcparam.c:517:5: remark: vectorized loop (vectorization width: 4, interleaved count: 2) [-Rpass=loop-vectorize]
    for (ci = 0; ci < ncomps; ci++)
    ^
jcparam.c:496:3: remark: the cost-model indicates that vectorization is not beneficial [-Rpass-analysis=loop-vectorize]
  for (ci = 0; ci < ncomps; ci++) {
  ^
jcparam.c:496:3: remark: the cost-model indicates that interleaving is not beneficial [-Rpass-analysis=loop-vectorize]
jcparam.c:517:5: remark: loop not vectorized: vectorization is not beneficial and is not explicitly forced [-Rpass-analysis=loop-vectorize]
    for (ci = 0; ci < ncomps; ci++)
    ^
jcparam.c:517:5: remark: loop not vectorized: vectorization is not beneficial and is not explicitly forced [-Rpass-analysis=loop-vectorize]
